// Jest Snapshot v1, https://goo.gl/fbAQLP

exports[`test on <CounterApp/> debe hacer match con el snapshot 1`] = `
<div>
  <section
    class="h-screen flex flex-col items-center"
  >
    <h2
      class="mb-4 text-2xl font-extrabold leading-none tracking-tight text-gray-900 dark:text-white text-center mt-10"
    >
      Hola, Soy title
    </h2>
    <h2
      class="font-extrabold text-8xl"
    >
       
      100
       
    </h2>
    <div
      class="flex justify-between w-full mt-10"
    >
      <button
        class="text-white bg-blue-700 hover:bg-blue-800 focus:ring-4 focus:ring-blue-300 font-medium rounded-lg text-sm px-5 py-2.5 me-2 mb-2 dark:bg-blue-600 dark:hover:bg-blue-700 focus:outline-none dark:focus:ring-blue-800"
        type="button"
      >
        Increment
      </button>
      <button
        class="text-white bg-blue-700 hover:bg-blue-800 focus:ring-4 focus:ring-blue-300 font-medium rounded-lg text-sm px-5 py-2.5 me-2 mb-2 dark:bg-blue-600 dark:hover:bg-blue-700 focus:outline-none dark:focus:ring-blue-800"
        type="button"
      >
        Reset
      </button>
      <button
        class="text-white bg-blue-700 hover:bg-blue-800 focus:ring-4 focus:ring-blue-300 font-medium rounded-lg text-sm px-5 py-2.5 me-2 mb-2 dark:bg-blue-600 dark:hover:bg-blue-700 focus:outline-none dark:focus:ring-blue-800"
        type="button"
      >
        Decrement
      </button>
    </div>
  </section>
</div>
`;
